[     118ms] [LOG] [Fast Refresh] rebuilding @ http://localhost:3000/_next/static/chunks/node_modules_next_dist_115brz8._.js:2477
[     158ms] [LOG] [Fast Refresh] done in 139ms @ http://localhost:3000/_next/static/chunks/node_modules_next_dist_115brz8._.js:2477
[     461ms] [INFO] %cDownload the React DevTools for a better development experience: https://react.dev/link/react-devtools font-weight:bold @ http://localhost:3000/_next/static/chunks/node_modules_next_dist_115brz8._.js:2477
[     548ms] [LOG] [HMR] connected @ http://localhost:3000/_next/static/chunks/node_modules_next_dist_115brz8._.js:2477
[     992ms] [LOG] [Fast Refresh] rebuilding @ http://localhost:3000/_next/static/chunks/node_modules_next_dist_115brz8._.js:2477
[    1022ms] [LOG] [Fast Refresh] done in 162ms @ http://localhost:3000/_next/static/chunks/node_modules_next_dist_115brz8._.js:2477
[    1183ms] [LOG] [SuiShip] Loaded 0 shipment(s) from server @ http://localhost:3000/_next/static/chunks/node_modules_next_dist_115brz8._.js:2477
[    5177ms] [LOG] [Fast Refresh] rebuilding @ http://localhost:3000/_next/static/chunks/node_modules_next_dist_115brz8._.js:2477
[    5370ms] [LOG] [Fast Refresh] done in 293ms @ http://localhost:3000/_next/static/chunks/node_modules_next_dist_115brz8._.js:2477
[   14119ms] [LOG] [Fast Refresh] rebuilding @ http://localhost:3000/_next/static/chunks/node_modules_next_dist_115brz8._.js:2477
[   14334ms] [LOG] [Fast Refresh] done in 314ms @ http://localhost:3000/_next/static/chunks/node_modules_next_dist_115brz8._.js:2477
[   98194ms] [LOG] [Fast Refresh] rebuilding @ http://localhost:3000/_next/static/chunks/node_modules_next_dist_115brz8._.js:2477
[   98677ms] [LOG] [Fast Refresh] done in 585ms @ http://localhost:3000/_next/static/chunks/node_modules_next_dist_115brz8._.js:2477
[  485885ms] [LOG] [Fast Refresh] rebuilding @ http://localhost:3000/_next/static/chunks/node_modules_next_dist_115brz8._.js:2477
[  487867ms] [LOG] [Fast Refresh] done in 2037ms @ http://localhost:3000/_next/static/chunks/node_modules_next_dist_115brz8._.js:2477
[  764676ms] [LOG] [Fast Refresh] rebuilding @ http://localhost:3000/_next/static/chunks/node_modules_next_dist_115brz8._.js:2477
[  768817ms] [ERROR] ./components/landing-page.tsx:526:24
Expected a semicolon
  524 |           {navLinks.map((link) => (
  525 |             
> 526 |               key={link.href}
      |                        ^
  527 |               href={link.href}
  528 |               className="rounded-xl px-3 py-2 text-sm ...
  529 |             >

Parsing ecmascript source code failed

Import trace:
  Server Component:
    ./components/landing-page.tsx
    ./app/page.tsx @ http://localhost:3000/_next/static/chunks/node_modules_next_dist_115brz8._.js:3318
[  769529ms] [ERROR] ./components/landing-page.tsx:526:24
Expected a semicolon
  524 |           {navLinks.map((link) => (
  525 |             
> 526 |               key={link.href}
      |                        ^
  527 |               href={link.href}
  528 |               className="rounded-xl px-3 py-2 text-sm ...
  529 |             >

Parsing ecmascript source code failed

Import trace:
  Server Component:
    ./components/landing-page.tsx
    ./app/page.tsx @ http://localhost:3000/_next/static/chunks/node_modules_next_dist_115brz8._.js:3318
[  769532ms] [ERROR] ./components/landing-page.tsx:526:24
Expected a semicolon
  524 |           {navLinks.map((link) => (
  525 |             
> 526 |               key={link.href}
      |                        ^
  527 |               href={link.href}
  528 |               className="rounded-xl px-3 py-2 text-sm ...
  529 |             >

Parsing ecmascript source code failed

Import trace:
  Server Component:
    ./components/landing-page.tsx
    ./app/page.tsx @ http://localhost:3000/_next/static/chunks/node_modules_next_dist_115brz8._.js:3318
[  769534ms] [ERROR] ./components/landing-page.tsx:526:24
Expected a semicolon
  524 |           {navLinks.map((link) => (
  525 |             
> 526 |               key={link.href}
      |                        ^
  527 |               href={link.href}
  528 |               className="rounded-xl px-3 py-2 text-sm ...
  529 |             >

Parsing ecmascript source code failed

Import trace:
  Server Component:
    ./components/landing-page.tsx
    ./app/page.tsx @ http://localhost:3000/_next/static/chunks/node_modules_next_dist_115brz8._.js:3318
[  769637ms] [LOG] [Fast Refresh] rebuilding @ http://localhost:3000/_next/static/chunks/node_modules_next_dist_115brz8._.js:2477
[  770080ms] [ERROR] ./components/landing-page.tsx:526:24
Expected a semicolon
  524 |           {navLinks.map((link) => (
  525 |             
> 526 |               key={link.href}
      |                        ^
  527 |               href={link.href}
  528 |               className="rounded-xl px-3 py-2 text-sm ...
  529 |             >

Parsing ecmascript source code failed

Import trace:
  Server Component:
    ./components/landing-page.tsx
    ./app/page.tsx @ http://localhost:3000/_next/static/chunks/node_modules_next_dist_115brz8._.js:3318
[  770215ms] [LOG] [Fast Refresh] rebuilding @ http://localhost:3000/_next/static/chunks/node_modules_next_dist_115brz8._.js:2477
[  770278ms] [ERROR] ./components/landing-page.tsx:526:24
Expected a semicolon
  524 |           {navLinks.map((link) => (
  525 |             
> 526 |               key={link.href}
      |                        ^
  527 |               href={link.href}
  528 |               className="rounded-xl px-3 py-2 text-sm ...
  529 |             >

Parsing ecmascript source code failed

Import trace:
  Server Component:
    ./components/landing-page.tsx
    ./app/page.tsx @ http://localhost:3000/_next/static/chunks/node_modules_next_dist_115brz8._.js:3318
[  770376ms] [ERROR] ./components/landing-page.tsx:526:24
Expected a semicolon
  524 |           {navLinks.map((link) => (
  525 |             
> 526 |               key={link.href}
      |                        ^
  527 |               href={link.href}
  528 |               className="rounded-xl px-3 py-2 text-sm ...
  529 |             >

Parsing ecmascript source code failed

Import trace:
  Server Component:
    ./components/landing-page.tsx
    ./app/page.tsx @ http://localhost:3000/_next/static/chunks/node_modules_next_dist_115brz8._.js:3318
[  770380ms] [ERROR] Failed to load resource: the server responded with a status of 500 (Internal Server Error) @ http://localhost:3000/create?_rsc=-Q_M0ZZjZe5Nama3:0
[  770661ms] [LOG] [Fast Refresh] rebuilding @ http://localhost:3000/_next/static/chunks/node_modules_next_dist_115brz8._.js:2477
[  770805ms] [ERROR] ./components/landing-page.tsx:526:24
Expected a semicolon
  524 |           {navLinks.map((link) => (
  525 |             
> 526 |               key={link.href}
      |                        ^
  527 |               href={link.href}
  528 |               className="rounded-xl px-3 py-2 text-sm ...
  529 |             >

Parsing ecmascript source code failed

Import trace:
  Server Component:
    ./components/landing-page.tsx
    ./app/page.tsx @ http://localhost:3000/_next/static/chunks/node_modules_next_dist_115brz8._.js:3318
[  770918ms] [LOG] [Fast Refresh] rebuilding @ http://localhost:3000/_next/static/chunks/node_modules_next_dist_115brz8._.js:2477
[  771573ms] [ERROR] Failed to load resource: the server responded with a status of 500 (Internal Server Error) @ http://localhost:3000/create:0
[  772134ms] [INFO] %cDownload the React DevTools for a better development experience: https://react.dev/link/react-devtools font-weight:bold @ http://localhost:3000/_next/static/chunks/node_modules_react-dom_0bruynb._.js:15305
[  772936ms] Error: ./components/landing-page.tsx:526:24
Expected a semicolon
  524 |           {navLinks.map((link) => (
  525 |             
> 526 |               key={link.href}
      |                        ^
  527 |               href={link.href}
  528 |               className="rounded-xl px-3 py-2 text-sm ...
  529 |             >

Parsing ecmascript source code failed

Import trace:
  Server Component:
    ./components/landing-page.tsx
    ./app/page.tsx


    at <unknown> (Error: ./components/landing-page.tsx:526:24)
    at Object.getCompilationErrors (file:///home/donaldlimdy/projects/SuiShip/suiShip/node_modules/next/dist/server/dev/hot-reloader-turbopack.js:1186:59)
    at DevBundlerService.getCompilationError (file:///home/donaldlimdy/projects/SuiShip/suiShip/node_modules/next/dist/server/lib/dev-bundler-service.js:44:55)
    at DevServer.getCompilationError (file:///home/donaldlimdy/projects/SuiShip/suiShip/node_modules/next/dist/server/dev/next-dev-server.js:720:42)
    at DevServer.findPageComponents (file:///home/donaldlimdy/projects/SuiShip/suiShip/node_modules/next/dist/server/dev/next-dev-server.js:690:43)
    at async DevServer.renderErrorToResponseImpl (file:///home/donaldlimdy/projects/SuiShip/suiShip/node_modules/next/dist/server/base-server.js:1753:26)
[  772886ms] [LOG] [HMR] connected @ http://localhost:3000/_next/static/chunks/node_modules_next_dist_0u_w_5s._.js:1226
[  772919ms] [ERROR] ./components/landing-page.tsx:526:24
Expected a semicolon
  524 |           {navLinks.map((link) => (
  525 |             
> 526 |               key={link.href}
      |                        ^
  527 |               href={link.href}
  528 |               className="rounded-xl px-3 py-2 text-sm ...
  529 |             >

Parsing ecmascript source code failed

Import trace:
  Server Component:
    ./components/landing-page.tsx
    ./app/page.tsx @ http://localhost:3000/_next/static/chunks/node_modules_next_dist_0u_w_5s._.js:1945
[  773060ms] [ERROR] ./components/landing-page.tsx:526:24
Expected a semicolon
  524 |           {navLinks.map((link) => (
  525 |             
> 526 |               key={link.href}
      |                        ^
  527 |               href={link.href}
  528 |               className="rounded-xl px-3 py-2 text-sm ...
  529 |             >

Parsing ecmascript source code failed

Import trace:
  Server Component:
    ./components/landing-page.tsx
    ./app/page.tsx @ http://localhost:3000/_next/static/chunks/node_modules_next_dist_0u_w_5s._.js:1945
[  773434ms] [ERROR] ./components/landing-page.tsx:526:24
Expected a semicolon
  524 |           {navLinks.map((link) => (
  525 |             
> 526 |               key={link.href}
      |                        ^
  527 |               href={link.href}
  528 |               className="rounded-xl px-3 py-2 text-sm ...
  529 |             >

Parsing ecmascript source code failed

Import trace:
  Server Component:
    ./components/landing-page.tsx
    ./app/page.tsx @ http://localhost:3000/_next/static/chunks/node_modules_next_dist_0u_w_5s._.js:1945
[  773439ms] [LOG] [Fast Refresh] rebuilding @ http://localhost:3000/_next/static/chunks/node_modules_next_dist_0u_w_5s._.js:1226
[  817904ms] [ERROR] ./components/landing-page.tsx:526:24
Expected a semicolon
  524 |           {navLinks.map((link) => (
  525 |             
> 526 |               key={link.href}
      |                        ^
  527 |               href={link.href}
  528 |               className="rounded-xl px-3 py-2 text-sm ...
  529 |             >

Parsing ecmascript source code failed

Import trace:
  Server Component:
    ./components/landing-page.tsx
    ./app/page.tsx @ http://localhost:3000/_next/static/chunks/node_modules_next_dist_0u_w_5s._.js:1945
[  818023ms] [LOG] [Fast Refresh] rebuilding @ http://localhost:3000/_next/static/chunks/node_modules_next_dist_0u_w_5s._.js:1226
[  819823ms] [ERROR] ./components/landing-page.tsx:545:11
Unexpected token. Did you mean `{'>'}` or `&gt;`?
  543 |             href="/create"
  544 |             className="inline-flex min-h-10 shrink-0 i...
> 545 |           >
      |           ^
  546 |             Start Building
  547 |             <ArrowRight className="h-4 w-4" />
  548 |           </a>

Parsing ecmascript source code failed

Import trace:
  Server Component:
    ./components/landing-page.tsx
    ./app/page.tsx @ http://localhost:3000/_next/static/chunks/node_modules_next_dist_0u_w_5s._.js:1945
[  819930ms] [ERROR] ./components/landing-page.tsx:545:11
Unexpected token. Did you mean `{'>'}` or `&gt;`?
  543 |             href="/create"
  544 |             className="inline-flex min-h-10 shrink-0 i...
> 545 |           >
      |           ^
  546 |             Start Building
  547 |             <ArrowRight className="h-4 w-4" />
  548 |           </a>

Parsing ecmascript source code failed

Import trace:
  Server Component:
    ./components/landing-page.tsx
    ./app/page.tsx @ http://localhost:3000/_next/static/chunks/node_modules_next_dist_0u_w_5s._.js:1945
[  820021ms] [ERROR] ./components/landing-page.tsx:545:11
Unexpected token. Did you mean `{'>'}` or `&gt;`?
  543 |             href="/create"
  544 |             className="inline-flex min-h-10 shrink-0 i...
> 545 |           >
      |           ^
  546 |             Start Building
  547 |             <ArrowRight className="h-4 w-4" />
  548 |           </a>

Parsing ecmascript source code failed

Import trace:
  Server Component:
    ./components/landing-page.tsx
    ./app/page.tsx @ http://localhost:3000/_next/static/chunks/node_modules_next_dist_0u_w_5s._.js:1945
[  820056ms] [LOG] [Fast Refresh] rebuilding @ http://localhost:3000/_next/static/chunks/node_modules_next_dist_0u_w_5s._.js:1226
[  820080ms] [ERROR] Failed to load resource: the server responded with a status of 500 (Internal Server Error) @ http://localhost:3000/create:0
[  820258ms] [INFO] %cDownload the React DevTools for a better development experience: https://react.dev/link/react-devtools font-weight:bold @ http://localhost:3000/_next/static/chunks/node_modules_react-dom_0bruynb._.js:15305
[  820330ms] Error: ./components/landing-page.tsx:545:11
Unexpected token. Did you mean `{'>'}` or `&gt;`?
  543 |             href="/create"
  544 |             className="inline-flex min-h-10 shrink-0 i...
> 545 |           >
      |           ^
  546 |             Start Building
  547 |             <ArrowRight className="h-4 w-4" />
  548 |           </a>

Parsing ecmascript source code failed

Import trace:
  Server Component:
    ./components/landing-page.tsx
    ./app/page.tsx


    at <unknown> (Error: ./components/landing-page.tsx:545:11)
    at Object.getCompilationErrors (file:///home/donaldlimdy/projects/SuiShip/suiShip/node_modules/next/dist/server/dev/hot-reloader-turbopack.js:1186:59)
    at DevBundlerService.getCompilationError (file:///home/donaldlimdy/projects/SuiShip/suiShip/node_modules/next/dist/server/lib/dev-bundler-service.js:44:55)
    at DevServer.getCompilationError (file:///home/donaldlimdy/projects/SuiShip/suiShip/node_modules/next/dist/server/dev/next-dev-server.js:720:42)
    at DevServer.findPageComponents (file:///home/donaldlimdy/projects/SuiShip/suiShip/node_modules/next/dist/server/dev/next-dev-server.js:690:43)
    at async DevServer.renderErrorToResponseImpl (file:///home/donaldlimdy/projects/SuiShip/suiShip/node_modules/next/dist/server/base-server.js:1753:26)
[  820341ms] [LOG] [HMR] connected @ http://localhost:3000/_next/static/chunks/node_modules_next_dist_0u_w_5s._.js:1226
[  820346ms] [ERROR] ./components/landing-page.tsx:545:11
Unexpected token. Did you mean `{'>'}` or `&gt;`?
  543 |             href="/create"
  544 |             className="inline-flex min-h-10 shrink-0 i...
> 545 |           >
      |           ^
  546 |             Start Building
  547 |             <ArrowRight className="h-4 w-4" />
  548 |           </a>

Parsing ecmascript source code failed

Import trace:
  Server Component:
    ./components/landing-page.tsx
    ./app/page.tsx @ http://localhost:3000/_next/static/chunks/node_modules_next_dist_0u_w_5s._.js:1945
[  820382ms] [ERROR] ./components/landing-page.tsx:545:11
Unexpected token. Did you mean `{'>'}` or `&gt;`?
  543 |             href="/create"
  544 |             className="inline-flex min-h-10 shrink-0 i...
> 545 |           >
      |           ^
  546 |             Start Building
  547 |             <ArrowRight className="h-4 w-4" />
  548 |           </a>

Parsing ecmascript source code failed

Import trace:
  Server Component:
    ./components/landing-page.tsx
    ./app/page.tsx @ http://localhost:3000/_next/static/chunks/node_modules_next_dist_0u_w_5s._.js:1945
[  820447ms] [LOG] [Fast Refresh] rebuilding @ http://localhost:3000/_next/static/chunks/node_modules_next_dist_0u_w_5s._.js:1226
[  822449ms] [LOG] [Fast Refresh] rebuilding @ http://localhost:3000/_next/static/chunks/node_modules_next_dist_0u_w_5s._.js:1226
[  822613ms] [ERROR] ./components/landing-page.tsx:639:17
Unexpected token. Did you mean `{'>'}` or `&gt;`?
  637 |                   href="/create"
  638 |                   className="group inline-flex min-h-1...
> 639 |                 >
      |                 ^
  640 |                   Start Building
  641 |                   <ArrowRight className="h-4 w-4 trans...
  642 |                 </a>

Parsing ecmascript source code failed

Import trace:
  Server Component:
    ./components/landing-page.tsx
    ./app/page.tsx @ http://localhost:3000/_next/static/chunks/node_modules_next_dist_0u_w_5s._.js:1945
[  827166ms] [LOG] [Fast Refresh] rebuilding @ http://localhost:3000/_next/static/chunks/node_modules_next_dist_0u_w_5s._.js:1226
[  829102ms] [LOG] [Fast Refresh] done in 1475ms @ http://localhost:3000/_next/static/chunks/node_modules_next_dist_0u_w_5s._.js:1226
[  830997ms] [LOG] [Fast Refresh] rebuilding @ http://localhost:3000/_next/static/chunks/node_modules_next_dist_0u_w_5s._.js:1226
[  831058ms] [LOG] [Fast Refresh] done in 191ms @ http://localhost:3000/_next/static/chunks/node_modules_next_dist_0u_w_5s._.js:1226
[  832695ms] [INFO] %cDownload the React DevTools for a better development experience: https://react.dev/link/react-devtools font-weight:bold @ http://localhost:3000/_next/static/chunks/node_modules_next_dist_115brz8._.js:2477
[  839554ms] [LOG] [HMR] connected @ http://localhost:3000/_next/static/chunks/node_modules_next_dist_115brz8._.js:2477
